// Jest Snapshot v1, https://goo.gl/fbAQLP

exports[`Contact component renders 1`] = `
<DocumentFragment>
  <section
    id="form-container"
  >
    <form
      id="contact-form"
    >
      <label
        for="full-name"
        id="form-header"
      >
        Full Name
      </label>
      <input
        id="full-name"
        name="full-name"
        placeholder="Enter your full name"
        type="text"
        value=""
      />
      <label
        for="email"
        id="form-header"
      >
        Email
      </label>
      <input
        id="email"
        name="email"
        placeholder="Enter your email"
        type="email"
        value=""
      />
      <label
        for="message"
        id="form-header"
      >
        Message
      </label>
      <input
        id="message"
        name="message"
        placeholder="What are your plans?"
        type="text"
        value=""
      />
    </form>
    <button
      id="submit-btn"
      type="submit"
    >
      Send Message â†’
    </button>
  </section>
</DocumentFragment>
`;
